// Jest Snapshot v1, https://goo.gl/fbAQLP

exports[`Card snapshot renders 1`] = `
<div>
  <p
    className="MuiTypography-root MuiTypography-body1 MuiTypography-colorSecondary"
  >
    23/10/2011
     
  </p>
  <div
    style={
      Object {
        "backgroundColor": "#fff",
        "paddingTop": "calc(1 / 1 * 100%)",
        "position": "relative",
      }
    }
  >
    <img
      onError={[Function]}
      onLoad={[Function]}
      src="https://static01.nyt.com/images/2019/11/05/science/28TB-SUNSET1/merlin_163473282_fe17fc6b-78b6-4cdd-b301-6f63e6ebdd7a-superJumbo.jpg"
      style={
        Object {
          "filterBrightness": 0,
          "filterSaturate": 20,
          "height": "100%",
          "left": 0,
          "objectFit": "inherit",
          "opacity": 0,
          "position": "absolute",
          "top": 0,
          "transition": "
        filterBrightness 2250ms cubic-bezier(0.4, 0.0, 0.2, 1),
        filterSaturate 3000ms cubic-bezier(0.4, 0.0, 0.2, 1),
        opacity 1500ms cubic-bezier(0.4, 0.0, 0.2, 1)",
          "width": "100%",
        }
      }
    />
    <div
      style={
        Object {
          "alignItems": "center",
          "display": "flex",
          "height": "100%",
          "justifyContent": "center",
          "left": 0,
          "pointerEvents": "none",
          "position": "absolute",
          "top": 0,
          "width": "100%",
        }
      }
    >
      <div
        className="MuiCircularProgress-root MuiCircularProgress-colorPrimary MuiCircularProgress-indeterminate"
        role="progressbar"
        style={
          Object {
            "height": 48,
            "width": 48,
          }
        }
      >
        <svg
          className="MuiCircularProgress-svg"
          viewBox="22 22 44 44"
        >
          <circle
            className="MuiCircularProgress-circle MuiCircularProgress-circleIndeterminate"
            cx={44}
            cy={44}
            fill="none"
            r={20.2}
            strokeWidth={3.6}
            style={Object {}}
          />
        </svg>
      </div>
    </div>
  </div>
  <p
    className="MuiTypography-root title MuiTypography-body1"
  >
    到詞欻了所的
  </p>
  <p
    className="MuiTypography-root descrip MuiTypography-body1"
  >
    由 2021 年開始，每月第一個主日將舉行 Zoom Live 崇拜。未能一同參與的朋友可以當天下午觀看重播影片，請留意教會之「崇拜網頁」或我們的 YouTube 網頁。
  </p>
  <button
    className="MuiButtonBase-root MuiButton-root MuiButton-text"
    disabled={false}
    onBlur={[Function]}
    onClick={[Function]}
    onDragLeave={[Function]}
    onFocus={[Function]}
    onKeyDown={[Function]}
    onKeyUp={[Function]}
    onMouseDown={[Function]}
    onMouseLeave={[Function]}
    onMouseUp={[Function]}
    onTouchEnd={[Function]}
    onTouchMove={[Function]}
    onTouchStart={[Function]}
    tabIndex={0}
    type="button"
  >
    <span
      className="MuiButton-label"
    >
      Learn more...
    </span>
  </button>
</div>
`;
